3PK
ALLINIT
ANTWERP
BDEXP
BIGGSB1
BLEACHNG
BQP1VAR
BQPGABIM
BQPGASIM
BQPGAUSS
CAMEL6
CHARDIS0
CHEBYQAD
CHENHARK
CVXBQP1
DECONVB
EG1
EXPLIN
EXPLIN2
EXPQUAD
HADAMALS
HARKERP2
HART6
HATFLDA
HATFLDB
HATFLDC
HIMMELP1
HS1
HS110
HS2
HS25
HS3
HS38
HS3MOD
HS4
HS45
HS5
JNLBRNG1
JNLBRNG2
JNLBRNGA
JNLBRNGB
KOEBHELB
LINVERSE
LOGROS
MAXLIKA
MCCORMCK
MDHOLE
MINSURFO
NCVXBQP1
NCVXBQP2
NCVXBQP3
NOBNDTOR
NONSCOMP
OBSTCLAE
OBSTCLAL
OBSTCLBL
OBSTCLBM
OBSTCLBU
ODNAMUR
OSLBQP
PALMER1
PALMER1A
PALMER1B
PALMER1E
PALMER2
PALMER2A
PALMER2B
PALMER2E
PALMER3
PALMER3A
PALMER3B
PALMER3E
PALMER4
PALMER4A
PALMER4B
PALMER4E
PALMER5A
PALMER5B
PALMER5D
PALMER5E
PALMER6A
PALMER6E
PALMER7A
PALMER7E
PALMER8A
PALMER8E
PENTDI
POWELLBC
PROBPENL
PSPDOC
QR3DLS
QRTQUAD
QUDLIN
S368
SCON1DLS
SIM2BQP
SIMBQP
SINEALI
SPECAN
TORSION1
TORSION2
TORSION3
TORSION4
TORSION5
TORSION6
TORSIONA
TORSIONB
TORSIONC
TORSIOND
TORSIONE
TORSIONF
WEEDS
YFIT
